MPLINK 5.09, LINKER
Linker Map File - Created Thu Nov 30 11:30:38 2023

                                 Section Info
                  Section       Type    Address   Location Size(Bytes)
                ---------  ---------  ---------  ---------  ---------
                   .org_0       code   0x000000    program   0x0000a2
                   .cinit    romdata   0x000051    program   0x000004
.config_2007_BUILD/DEFAULT/PRODUCTION/NEWMAIN       code   0x002007    program   0x000002



                              Program Memory Usage 
                               Start         End      
                           ---------   ---------      
                            0x000000    0x000052      
                            0x002007    0x002007      
            84 out of 8454 program addresses used, program memory utilization is 0%



                              Symbols - Sorted by Name
                     Name    Address   Location    Storage File                     
                ---------  ---------  ---------  --------- ---------                
                   atraso   0x000047    program     static C:\Users\alice\MPLABXProjects\display.X\newmain.asm
                     aux1   0x000049    program     static C:\Users\alice\MPLABXProjects\display.X\newmain.asm
                     aux2   0x00004b    program     static C:\Users\alice\MPLABXProjects\display.X\newmain.asm
              decrementar   0x00001c    program     static C:\Users\alice\MPLABXProjects\display.X\newmain.asm
             decrementarD   0x000036    program     static C:\Users\alice\MPLABXProjects\display.X\newmain.asm
              incrementar   0x000013    program     static C:\Users\alice\MPLABXProjects\display.X\newmain.asm
             incrementarD   0x000025    program     static C:\Users\alice\MPLABXProjects\display.X\newmain.asm
                     main   0x00000e    program     static C:\Users\alice\MPLABXProjects\display.X\newmain.asm
                   zerarA   0x000030    program     static C:\Users\alice\MPLABXProjects\display.X\newmain.asm
                   zerarB   0x000041    program     static C:\Users\alice\MPLABXProjects\display.X\newmain.asm



                              Symbols - Sorted by Address
                     Name    Address   Location    Storage File                     
                ---------  ---------  ---------  --------- ---------                
                     main   0x00000e    program     static C:\Users\alice\MPLABXProjects\display.X\newmain.asm
              incrementar   0x000013    program     static C:\Users\alice\MPLABXProjects\display.X\newmain.asm
              decrementar   0x00001c    program     static C:\Users\alice\MPLABXProjects\display.X\newmain.asm
             incrementarD   0x000025    program     static C:\Users\alice\MPLABXProjects\display.X\newmain.asm
                   zerarA   0x000030    program     static C:\Users\alice\MPLABXProjects\display.X\newmain.asm
             decrementarD   0x000036    program     static C:\Users\alice\MPLABXProjects\display.X\newmain.asm
                   zerarB   0x000041    program     static C:\Users\alice\MPLABXProjects\display.X\newmain.asm
                   atraso   0x000047    program     static C:\Users\alice\MPLABXProjects\display.X\newmain.asm
                     aux1   0x000049    program     static C:\Users\alice\MPLABXProjects\display.X\newmain.asm
                     aux2   0x00004b    program     static C:\Users\alice\MPLABXProjects\display.X\newmain.asm


